


ARM Macro Assembler    Page 1 


    1 00000000         ;/******************************************************
                       ********************************************************
                       ********
    2 00000000         ;   @file     startup_mm32g0001_keil.s
    3 00000000         ;   @author   VV TEAM
    4 00000000         ;   @brief    THIS FILE PROVIDES ALL THE Device Startup 
                       File of MM32 Cortex-M
    5 00000000         ;             Core Device for ARM KEIL toolchain.
    6 00000000         ;  *****************************************************
                       ********************************************************
                       ********
    7 00000000         ;   @attention
    8 00000000         ;
    9 00000000         ;   <h2><center>&copy; Copyright(c) <2023> <MindMotion><
                       /center></h2>
   10 00000000         ;
   11 00000000         ;     Redistribution and use in source and binary forms,
                        with or without modification, are permitted provided th
                       at the
   12 00000000         ;   following conditions are met:
   13 00000000         ;   1. Redistributions of source code must retain the ab
                       ove copyright notice,
   14 00000000         ;      this list of conditions and the following disclai
                       mer.
   15 00000000         ;   2. Redistributions in binary form must reproduce the
                        above copyright notice, this list of conditions and
   16 00000000         ;      the following disclaimer in the documentation and
                       /or other materials provided with the distribution.
   17 00000000         ;   3. Neither the name of the copyright holder nor the 
                       names of its contributors may be used to endorse or
   18 00000000         ;      promote products derived from this software witho
                       ut specific prior written permission.
   19 00000000         ;
   20 00000000         ;     THIS SOFTWARE IS PROVIDED BY THE COPYRIGHT HOLDERS
                        AND CONTRIBUTORS "AS IS" AND ANY EXPRESS OR IMPLIED WAR
                       RANTIES,
   21 00000000         ;   INCLUDING, BUT NOT LIMITED TO, THE IMPLIED WARRANTIE
                       S OF MERCHANTABILITY AND FITNESS FOR A PARTICULAR PURPOS
                       E ARE
   22 00000000         ;   DISCLAIMED. IN NO EVENT SHALL THE COPYRIGHT HOLDER O
                       R CONTRIBUTORS BE LIABLE FOR ANY DIRECT, INDIRECT, INCID
                       ENTAL,
   23 00000000         ;   SPECIAL, EXEMPLARY, OR CONSEQUENTIAL DAMAGES (INCLUD
                       ING, BUT NOT LIMITED TO, PROCUREMENT OF SUBSTITUTE GOODS
                        OR
   24 00000000         ;   SERVICES; LOSS OF USE, DATA, OR PROFITS; OR BUSINESS
                        INTERRUPTION) HOWEVER CAUSED AND ON ANY THEORY OF LIABI
                       LITY,
   25 00000000         ;   WHETHER IN CONTRACT, STRICT LIABILITY, OR TORT (INCL
                       UDING NEGLIGENCE OR OTHERWISE) ARISING IN ANY WAY OUT OF
                        THE USE
   26 00000000         ;   OF THIS SOFTWARE, EVEN IF ADVISED OF THE POSSIBILITY
                        OF SUCH DAMAGE.
   27 00000000         ;  *****************************************************
                       ********************************************************
                       *******/
   28 00000000         
   29 00000000 00000200 
                       Stack_Size



ARM Macro Assembler    Page 2 


                               EQU              0x00000200
   30 00000000         
   31 00000000                 AREA             STACK, NOINIT, READWRITE, ALIGN
=3
   32 00000000         Stack_Mem
                               SPACE            Stack_Size
   33 00000200         __initial_sp
   34 00000200         
   35 00000200         
   36 00000200 00000000 
                       Heap_Size
                               EQU              0x00000000
   37 00000200         
   38 00000200                 AREA             HEAP, NOINIT, READWRITE, ALIGN=
3
   39 00000000         __heap_base
   40 00000000         Heap_Mem
                               SPACE            Heap_Size
   41 00000000         __heap_limit
   42 00000000         
   43 00000000                 PRESERVE8
   44 00000000                 THUMB
   45 00000000         
   46 00000000         
   47 00000000         ; Vector Table Mapped to Address 0 at Reset
   48 00000000                 AREA             RESET, DATA, READONLY
   49 00000000                 EXPORT           __Vectors
   50 00000000                 EXPORT           __Vectors_End
   51 00000000                 EXPORT           __Vectors_Size
   52 00000000         
   53 00000000 00000000 
                       __Vectors
                               DCD              __initial_sp ;       Top of Sta
                                                            ck
   54 00000004 00000000        DCD              Reset_Handler ;       Reset Han
                                                            dler
   55 00000008 00000000        DCD              NMI_Handler ; -14   NMI Handler
                                                            
   56 0000000C 00000000        DCD              HardFault_Handler ; -13   Hard 
                                                            Fault Handler
   57 00000010 00000000        DCD              0           ; -12   Reserved
   58 00000014 00000000        DCD              0           ; -11   Reserved
   59 00000018 00000000        DCD              0           ; -10   Reserved
   60 0000001C 00000000        DCD              0           ;  -9   Reserved
   61 00000020 00000000        DCD              0           ;  -8   Reserved
   62 00000024 00000000        DCD              0           ;  -7   Reserved
   63 00000028 00000000        DCD              0           ;  -6   Reserved
   64 0000002C 00000000        DCD              SVC_Handler ;  -5   SVCall Hand
                                                            ler
   65 00000030 00000000        DCD              0           ;  -4   Reserved
   66 00000034 00000000        DCD              0           ;  -3   Reserved
   67 00000038 00000000        DCD              PendSV_Handler ;  -2   PendSV H
                                                            andler
   68 0000003C 00000000        DCD              SysTick_Handler ;  -1   SysTick
                                                             Handler
   69 00000040         
   70 00000040         ; External
   71 00000040 00000000        DCD              IWDG_IRQHandler ;   0   Indepen
                                                            dent WatchDog



ARM Macro Assembler    Page 3 


   72 00000044 00000000        DCD              PVD_IRQHandler ;   1   PVD thro
                                                            ugh EXTI Line detec
                                                            t
   73 00000048 00000000        DCD              0           ;   2   Reserved
   74 0000004C 00000000        DCD              FLASH_IRQHandler ;   3   FLASH
   75 00000050 00000000        DCD              RCC_IRQHandler ;   4   RCC
   76 00000054 00000000        DCD              EXTI0_1_IRQHandler ;   5   EXTI
                                                             Line 0 and 1
   77 00000058 00000000        DCD              EXTI2_3_IRQHandler ;   6   EXTI
                                                             Line 2 and 3
   78 0000005C 00000000        DCD              EXTI4_15_IRQHandler ;   7   EXT
                                                            I Line 4 to 15
   79 00000060 00000000        DCD              0           ;   8   Reserved
   80 00000064 00000000        DCD              0           ;   9   Reserved
   81 00000068 00000000        DCD              0           ;  10   Reserved
   82 0000006C 00000000        DCD              0           ;  11   Reserved
   83 00000070 00000000        DCD              ADC_IRQHandler ;  12   ADC
   84 00000074 00000000        DCD              TIM1_BRK_UP_TRG_COM_IRQHandler 
                                                            ;  13   TIM1 Break,
                                                             Update, Trigger an
                                                            d Commutation
   85 00000078 00000000        DCD              TIM1_CC_IRQHandler ;  14   TIM1
                                                             Capture Compare
   86 0000007C 00000000        DCD              0           ;  15   Reserved
   87 00000080 00000000        DCD              TIM3_IRQHandler ;  16   TIM3
   88 00000084 00000000        DCD              0           ;  17   Reserved
   89 00000088 00000000        DCD              0           ;  18   Reserved
   90 0000008C 00000000        DCD              TIM14_IRQHandler ;  19   TIM14
   91 00000090 00000000        DCD              0           ;  20   Reserved
   92 00000094 00000000        DCD              0           ;  21   Reserved
   93 00000098 00000000        DCD              0           ;  22   Reserved
   94 0000009C 00000000        DCD              I2C1_IRQHandler ;  23   I2C1
   95 000000A0 00000000        DCD              0           ;  24   Reserved
   96 000000A4 00000000        DCD              SPI1_IRQHandler ;  25   SPI1
   97 000000A8 00000000        DCD              0           ;  26   Reserved
   98 000000AC 00000000        DCD              USART1_IRQHandler 
                                                            ;  27   USART1
   99 000000B0 00000000        DCD              USART2_IRQHandler 
                                                            ;  28   USART2
  100 000000B4 00000000        DCD              0           ;  29   Reserved
  101 000000B8 00000000        DCD              0           ;  30   Reserved
  102 000000BC 00000000        DCD              0           ;  31   Reserved
  103 000000C0         
  104 000000C0         __Vectors_End
  105 000000C0 000000C0 
                       __Vectors_Size
                               EQU              __Vectors_End - __Vectors
  106 000000C0         
  107 000000C0                 AREA             |.text|, CODE, READONLY
  108 00000000         
  109 00000000         ; Reset handler
  110 00000000         Reset_Handler
                               PROC
  111 00000000                 EXPORT           Reset_Handler                  
[WEAK]
  112 00000000                 IMPORT           __main
  113 00000000                 IMPORT           SystemInit
  114 00000000 4804            LDR              R0, =SystemInit
  115 00000002 4780            BLX              R0



ARM Macro Assembler    Page 4 


  116 00000004 4804            LDR              R0, =__main
  117 00000006 4700            BX               R0
  118 00000008                 ENDP
  119 00000008         
  120 00000008         ; Dummy Exception Handlers (infinite loops which can be 
                       modified)
  121 00000008         
  122 00000008         NMI_Handler
                               PROC
  123 00000008                 EXPORT           NMI_Handler                    
[WEAK]
  124 00000008 E7FE            B                .
  125 0000000A                 ENDP
  127 0000000A         HardFault_Handler
                               PROC
  128 0000000A                 EXPORT           HardFault_Handler              
[WEAK]
  129 0000000A E7FE            B                .
  130 0000000C                 ENDP
  131 0000000C         SVC_Handler
                               PROC
  132 0000000C                 EXPORT           SVC_Handler                    
[WEAK]
  133 0000000C E7FE            B                .
  134 0000000E                 ENDP
  135 0000000E         PendSV_Handler
                               PROC
  136 0000000E                 EXPORT           PendSV_Handler                 
[WEAK]
  137 0000000E E7FE            B                .
  138 00000010                 ENDP
  139 00000010         SysTick_Handler
                               PROC
  140 00000010                 EXPORT           SysTick_Handler                
[WEAK]
  141 00000010 E7FE            B                .
  142 00000012                 ENDP
  143 00000012         
  144 00000012         Default_Handler
                               PROC
  145 00000012         
  146 00000012                 EXPORT           IWDG_IRQHandler                
[WEAK]
  147 00000012                 EXPORT           PVD_IRQHandler                 
[WEAK]
  148 00000012         
  149 00000012                 EXPORT           FLASH_IRQHandler               
[WEAK]
  150 00000012                 EXPORT           RCC_IRQHandler                 
[WEAK]
  151 00000012                 EXPORT           EXTI0_1_IRQHandler             
[WEAK]
  152 00000012                 EXPORT           EXTI2_3_IRQHandler             
[WEAK]
  153 00000012                 EXPORT           EXTI4_15_IRQHandler            
[WEAK]
  154 00000012                 EXPORT           ADC_IRQHandler                 
[WEAK]
  155 00000012                 EXPORT           TIM1_BRK_UP_TRG_COM_IRQHandler 



ARM Macro Assembler    Page 5 


[WEAK]
  156 00000012                 EXPORT           TIM1_CC_IRQHandler             
[WEAK]
  157 00000012                 EXPORT           TIM3_IRQHandler                
[WEAK]
  158 00000012                 EXPORT           TIM14_IRQHandler               
[WEAK]
  159 00000012                 EXPORT           I2C1_IRQHandler                
[WEAK]
  160 00000012                 EXPORT           SPI1_IRQHandler                
[WEAK]
  161 00000012                 EXPORT           USART1_IRQHandler              
[WEAK]
  162 00000012                 EXPORT           USART2_IRQHandler              
[WEAK]
  163 00000012         
  164 00000012         IWDG_IRQHandler
  165 00000012         PVD_IRQHandler
  166 00000012         FLASH_IRQHandler
  167 00000012         RCC_IRQHandler
  168 00000012         EXTI0_1_IRQHandler
  169 00000012         EXTI2_3_IRQHandler
  170 00000012         EXTI4_15_IRQHandler
  171 00000012         ADC_IRQHandler
  172 00000012         TIM1_BRK_UP_TRG_COM_IRQHandler
  173 00000012         TIM1_CC_IRQHandler
  174 00000012         TIM3_IRQHandler
  175 00000012         TIM14_IRQHandler
  176 00000012         I2C1_IRQHandler
  177 00000012         SPI1_IRQHandler
  178 00000012         USART1_IRQHandler
  179 00000012         USART2_IRQHandler
  180 00000012         
  181 00000012 E7FE            B                .
  182 00000014         
  183 00000014                 ENDP
  184 00000014         
  185 00000014                 ALIGN
  186 00000014         
  187 00000014         ;*******************************************************
                       ************************
  188 00000014         ; User Stack and Heap initialization
  189 00000014         ;*******************************************************
                       ************************
  190 00000014                 IF               :DEF:__MICROLIB
  191 00000014         
  192 00000014                 EXPORT           __initial_sp
  193 00000014                 EXPORT           __heap_base
  194 00000014                 EXPORT           __heap_limit
  195 00000014         
  196 00000014                 ELSE
  211                          ENDIF
  212 00000014                 END
              00000000 
              00000000 
Command Line: --debug --xref --diag_suppress=9931 --cpu=Cortex-M0 --apcs=interw
ork --depend=.\objects\startup_mm32g0001_keil.d -o.\objects\startup_mm32g0001_k
eil.o --predefine="__MICROLIB SETA 1" --predefine="__UVISION_VERSION SETA 536" 
--list=.\listings\startup_mm32g0001_keil.lst ..\Device\MM32G0001\Source\KEIL_St



ARM Macro Assembler    Page 6 


artAsm\startup_mm32g0001_keil.s



ARM Macro Assembler    Page 1 Alphabetic symbol ordering
Relocatable symbols

STACK 00000000

Symbol: STACK
   Definitions
      At line 31 in file ..\Device\MM32G0001\Source\KEIL_StartAsm\startup_mm32g
0001_keil.s
   Uses
      None
Comment: STACK unused
Stack_Mem 00000000

Symbol: Stack_Mem
   Definitions
      At line 32 in file ..\Device\MM32G0001\Source\KEIL_StartAsm\startup_mm32g
0001_keil.s
   Uses
      None
Comment: Stack_Mem unused
__initial_sp 00000200

Symbol: __initial_sp
   Definitions
      At line 33 in file ..\Device\MM32G0001\Source\KEIL_StartAsm\startup_mm32g
0001_keil.s
   Uses
      At line 53 in file ..\Device\MM32G0001\Source\KEIL_StartAsm\startup_mm32g
0001_keil.s
      At line 192 in file ..\Device\MM32G0001\Source\KEIL_StartAsm\startup_mm32
g0001_keil.s

3 symbols



ARM Macro Assembler    Page 1 Alphabetic symbol ordering
Relocatable symbols

HEAP 00000000

Symbol: HEAP
   Definitions
      At line 38 in file ..\Device\MM32G0001\Source\KEIL_StartAsm\startup_mm32g
0001_keil.s
   Uses
      None
Comment: HEAP unused
Heap_Mem 00000000

Symbol: Heap_Mem
   Definitions
      At line 40 in file ..\Device\MM32G0001\Source\KEIL_StartAsm\startup_mm32g
0001_keil.s
   Uses
      None
Comment: Heap_Mem unused
__heap_base 00000000

Symbol: __heap_base
   Definitions
      At line 39 in file ..\Device\MM32G0001\Source\KEIL_StartAsm\startup_mm32g
0001_keil.s
   Uses
      At line 193 in file ..\Device\MM32G0001\Source\KEIL_StartAsm\startup_mm32
g0001_keil.s
Comment: __heap_base used once
__heap_limit 00000000

Symbol: __heap_limit
   Definitions
      At line 41 in file ..\Device\MM32G0001\Source\KEIL_StartAsm\startup_mm32g
0001_keil.s
   Uses
      At line 194 in file ..\Device\MM32G0001\Source\KEIL_StartAsm\startup_mm32
g0001_keil.s
Comment: __heap_limit used once
4 symbols



ARM Macro Assembler    Page 1 Alphabetic symbol ordering
Relocatable symbols

RESET 00000000

Symbol: RESET
   Definitions
      At line 48 in file ..\Device\MM32G0001\Source\KEIL_StartAsm\startup_mm32g
0001_keil.s
   Uses
      None
Comment: RESET unused
__Vectors 00000000

Symbol: __Vectors
   Definitions
      At line 53 in file ..\Device\MM32G0001\Source\KEIL_StartAsm\startup_mm32g
0001_keil.s
   Uses
      At line 49 in file ..\Device\MM32G0001\Source\KEIL_StartAsm\startup_mm32g
0001_keil.s
      At line 105 in file ..\Device\MM32G0001\Source\KEIL_StartAsm\startup_mm32
g0001_keil.s

__Vectors_End 000000C0

Symbol: __Vectors_End
   Definitions
      At line 104 in file ..\Device\MM32G0001\Source\KEIL_StartAsm\startup_mm32
g0001_keil.s
   Uses
      At line 50 in file ..\Device\MM32G0001\Source\KEIL_StartAsm\startup_mm32g
0001_keil.s
      At line 105 in file ..\Device\MM32G0001\Source\KEIL_StartAsm\startup_mm32
g0001_keil.s

3 symbols



ARM Macro Assembler    Page 1 Alphabetic symbol ordering
Relocatable symbols

.text 00000000

Symbol: .text
   Definitions
      At line 107 in file ..\Device\MM32G0001\Source\KEIL_StartAsm\startup_mm32
g0001_keil.s
   Uses
      None
Comment: .text unused
ADC_IRQHandler 00000012

Symbol: ADC_IRQHandler
   Definitions
      At line 171 in file ..\Device\MM32G0001\Source\KEIL_StartAsm\startup_mm32
g0001_keil.s
   Uses
      At line 83 in file ..\Device\MM32G0001\Source\KEIL_StartAsm\startup_mm32g
0001_keil.s
      At line 154 in file ..\Device\MM32G0001\Source\KEIL_StartAsm\startup_mm32
g0001_keil.s

Default_Handler 00000012

Symbol: Default_Handler
   Definitions
      At line 144 in file ..\Device\MM32G0001\Source\KEIL_StartAsm\startup_mm32
g0001_keil.s
   Uses
      None
Comment: Default_Handler unused
EXTI0_1_IRQHandler 00000012

Symbol: EXTI0_1_IRQHandler
   Definitions
      At line 168 in file ..\Device\MM32G0001\Source\KEIL_StartAsm\startup_mm32
g0001_keil.s
   Uses
      At line 76 in file ..\Device\MM32G0001\Source\KEIL_StartAsm\startup_mm32g
0001_keil.s
      At line 151 in file ..\Device\MM32G0001\Source\KEIL_StartAsm\startup_mm32
g0001_keil.s

EXTI2_3_IRQHandler 00000012

Symbol: EXTI2_3_IRQHandler
   Definitions
      At line 169 in file ..\Device\MM32G0001\Source\KEIL_StartAsm\startup_mm32
g0001_keil.s
   Uses
      At line 77 in file ..\Device\MM32G0001\Source\KEIL_StartAsm\startup_mm32g
0001_keil.s
      At line 152 in file ..\Device\MM32G0001\Source\KEIL_StartAsm\startup_mm32
g0001_keil.s

EXTI4_15_IRQHandler 00000012

Symbol: EXTI4_15_IRQHandler
   Definitions
      At line 170 in file ..\Device\MM32G0001\Source\KEIL_StartAsm\startup_mm32



ARM Macro Assembler    Page 2 Alphabetic symbol ordering
Relocatable symbols

g0001_keil.s
   Uses
      At line 78 in file ..\Device\MM32G0001\Source\KEIL_StartAsm\startup_mm32g
0001_keil.s
      At line 153 in file ..\Device\MM32G0001\Source\KEIL_StartAsm\startup_mm32
g0001_keil.s

FLASH_IRQHandler 00000012

Symbol: FLASH_IRQHandler
   Definitions
      At line 166 in file ..\Device\MM32G0001\Source\KEIL_StartAsm\startup_mm32
g0001_keil.s
   Uses
      At line 74 in file ..\Device\MM32G0001\Source\KEIL_StartAsm\startup_mm32g
0001_keil.s
      At line 149 in file ..\Device\MM32G0001\Source\KEIL_StartAsm\startup_mm32
g0001_keil.s

HardFault_Handler 0000000A

Symbol: HardFault_Handler
   Definitions
      At line 127 in file ..\Device\MM32G0001\Source\KEIL_StartAsm\startup_mm32
g0001_keil.s
   Uses
      At line 56 in file ..\Device\MM32G0001\Source\KEIL_StartAsm\startup_mm32g
0001_keil.s
      At line 128 in file ..\Device\MM32G0001\Source\KEIL_StartAsm\startup_mm32
g0001_keil.s

I2C1_IRQHandler 00000012

Symbol: I2C1_IRQHandler
   Definitions
      At line 176 in file ..\Device\MM32G0001\Source\KEIL_StartAsm\startup_mm32
g0001_keil.s
   Uses
      At line 94 in file ..\Device\MM32G0001\Source\KEIL_StartAsm\startup_mm32g
0001_keil.s
      At line 159 in file ..\Device\MM32G0001\Source\KEIL_StartAsm\startup_mm32
g0001_keil.s

IWDG_IRQHandler 00000012

Symbol: IWDG_IRQHandler
   Definitions
      At line 164 in file ..\Device\MM32G0001\Source\KEIL_StartAsm\startup_mm32
g0001_keil.s
   Uses
      At line 71 in file ..\Device\MM32G0001\Source\KEIL_StartAsm\startup_mm32g
0001_keil.s
      At line 146 in file ..\Device\MM32G0001\Source\KEIL_StartAsm\startup_mm32
g0001_keil.s

NMI_Handler 00000008

Symbol: NMI_Handler
   Definitions



ARM Macro Assembler    Page 3 Alphabetic symbol ordering
Relocatable symbols

      At line 122 in file ..\Device\MM32G0001\Source\KEIL_StartAsm\startup_mm32
g0001_keil.s
   Uses
      At line 55 in file ..\Device\MM32G0001\Source\KEIL_StartAsm\startup_mm32g
0001_keil.s
      At line 123 in file ..\Device\MM32G0001\Source\KEIL_StartAsm\startup_mm32
g0001_keil.s

PVD_IRQHandler 00000012

Symbol: PVD_IRQHandler
   Definitions
      At line 165 in file ..\Device\MM32G0001\Source\KEIL_StartAsm\startup_mm32
g0001_keil.s
   Uses
      At line 72 in file ..\Device\MM32G0001\Source\KEIL_StartAsm\startup_mm32g
0001_keil.s
      At line 147 in file ..\Device\MM32G0001\Source\KEIL_StartAsm\startup_mm32
g0001_keil.s

PendSV_Handler 0000000E

Symbol: PendSV_Handler
   Definitions
      At line 135 in file ..\Device\MM32G0001\Source\KEIL_StartAsm\startup_mm32
g0001_keil.s
   Uses
      At line 67 in file ..\Device\MM32G0001\Source\KEIL_StartAsm\startup_mm32g
0001_keil.s
      At line 136 in file ..\Device\MM32G0001\Source\KEIL_StartAsm\startup_mm32
g0001_keil.s

RCC_IRQHandler 00000012

Symbol: RCC_IRQHandler
   Definitions
      At line 167 in file ..\Device\MM32G0001\Source\KEIL_StartAsm\startup_mm32
g0001_keil.s
   Uses
      At line 75 in file ..\Device\MM32G0001\Source\KEIL_StartAsm\startup_mm32g
0001_keil.s
      At line 150 in file ..\Device\MM32G0001\Source\KEIL_StartAsm\startup_mm32
g0001_keil.s

Reset_Handler 00000000

Symbol: Reset_Handler
   Definitions
      At line 110 in file ..\Device\MM32G0001\Source\KEIL_StartAsm\startup_mm32
g0001_keil.s
   Uses
      At line 54 in file ..\Device\MM32G0001\Source\KEIL_StartAsm\startup_mm32g
0001_keil.s
      At line 111 in file ..\Device\MM32G0001\Source\KEIL_StartAsm\startup_mm32
g0001_keil.s

SPI1_IRQHandler 00000012

Symbol: SPI1_IRQHandler



ARM Macro Assembler    Page 4 Alphabetic symbol ordering
Relocatable symbols

   Definitions
      At line 177 in file ..\Device\MM32G0001\Source\KEIL_StartAsm\startup_mm32
g0001_keil.s
   Uses
      At line 96 in file ..\Device\MM32G0001\Source\KEIL_StartAsm\startup_mm32g
0001_keil.s
      At line 160 in file ..\Device\MM32G0001\Source\KEIL_StartAsm\startup_mm32
g0001_keil.s

SVC_Handler 0000000C

Symbol: SVC_Handler
   Definitions
      At line 131 in file ..\Device\MM32G0001\Source\KEIL_StartAsm\startup_mm32
g0001_keil.s
   Uses
      At line 64 in file ..\Device\MM32G0001\Source\KEIL_StartAsm\startup_mm32g
0001_keil.s
      At line 132 in file ..\Device\MM32G0001\Source\KEIL_StartAsm\startup_mm32
g0001_keil.s

SysTick_Handler 00000010

Symbol: SysTick_Handler
   Definitions
      At line 139 in file ..\Device\MM32G0001\Source\KEIL_StartAsm\startup_mm32
g0001_keil.s
   Uses
      At line 68 in file ..\Device\MM32G0001\Source\KEIL_StartAsm\startup_mm32g
0001_keil.s
      At line 140 in file ..\Device\MM32G0001\Source\KEIL_StartAsm\startup_mm32
g0001_keil.s

TIM14_IRQHandler 00000012

Symbol: TIM14_IRQHandler
   Definitions
      At line 175 in file ..\Device\MM32G0001\Source\KEIL_StartAsm\startup_mm32
g0001_keil.s
   Uses
      At line 90 in file ..\Device\MM32G0001\Source\KEIL_StartAsm\startup_mm32g
0001_keil.s
      At line 158 in file ..\Device\MM32G0001\Source\KEIL_StartAsm\startup_mm32
g0001_keil.s

TIM1_BRK_UP_TRG_COM_IRQHandler 00000012

Symbol: TIM1_BRK_UP_TRG_COM_IRQHandler
   Definitions
      At line 172 in file ..\Device\MM32G0001\Source\KEIL_StartAsm\startup_mm32
g0001_keil.s
   Uses
      At line 84 in file ..\Device\MM32G0001\Source\KEIL_StartAsm\startup_mm32g
0001_keil.s
      At line 155 in file ..\Device\MM32G0001\Source\KEIL_StartAsm\startup_mm32
g0001_keil.s

TIM1_CC_IRQHandler 00000012




ARM Macro Assembler    Page 5 Alphabetic symbol ordering
Relocatable symbols

Symbol: TIM1_CC_IRQHandler
   Definitions
      At line 173 in file ..\Device\MM32G0001\Source\KEIL_StartAsm\startup_mm32
g0001_keil.s
   Uses
      At line 85 in file ..\Device\MM32G0001\Source\KEIL_StartAsm\startup_mm32g
0001_keil.s
      At line 156 in file ..\Device\MM32G0001\Source\KEIL_StartAsm\startup_mm32
g0001_keil.s

TIM3_IRQHandler 00000012

Symbol: TIM3_IRQHandler
   Definitions
      At line 174 in file ..\Device\MM32G0001\Source\KEIL_StartAsm\startup_mm32
g0001_keil.s
   Uses
      At line 87 in file ..\Device\MM32G0001\Source\KEIL_StartAsm\startup_mm32g
0001_keil.s
      At line 157 in file ..\Device\MM32G0001\Source\KEIL_StartAsm\startup_mm32
g0001_keil.s

USART1_IRQHandler 00000012

Symbol: USART1_IRQHandler
   Definitions
      At line 178 in file ..\Device\MM32G0001\Source\KEIL_StartAsm\startup_mm32
g0001_keil.s
   Uses
      At line 98 in file ..\Device\MM32G0001\Source\KEIL_StartAsm\startup_mm32g
0001_keil.s
      At line 161 in file ..\Device\MM32G0001\Source\KEIL_StartAsm\startup_mm32
g0001_keil.s

USART2_IRQHandler 00000012

Symbol: USART2_IRQHandler
   Definitions
      At line 179 in file ..\Device\MM32G0001\Source\KEIL_StartAsm\startup_mm32
g0001_keil.s
   Uses
      At line 99 in file ..\Device\MM32G0001\Source\KEIL_StartAsm\startup_mm32g
0001_keil.s
      At line 162 in file ..\Device\MM32G0001\Source\KEIL_StartAsm\startup_mm32
g0001_keil.s

24 symbols



ARM Macro Assembler    Page 1 Alphabetic symbol ordering
Absolute symbols

Heap_Size 00000000

Symbol: Heap_Size
   Definitions
      At line 36 in file ..\Device\MM32G0001\Source\KEIL_StartAsm\startup_mm32g
0001_keil.s
   Uses
      At line 40 in file ..\Device\MM32G0001\Source\KEIL_StartAsm\startup_mm32g
0001_keil.s
Comment: Heap_Size used once
Stack_Size 00000200

Symbol: Stack_Size
   Definitions
      At line 29 in file ..\Device\MM32G0001\Source\KEIL_StartAsm\startup_mm32g
0001_keil.s
   Uses
      At line 32 in file ..\Device\MM32G0001\Source\KEIL_StartAsm\startup_mm32g
0001_keil.s
Comment: Stack_Size used once
__Vectors_Size 000000C0

Symbol: __Vectors_Size
   Definitions
      At line 105 in file ..\Device\MM32G0001\Source\KEIL_StartAsm\startup_mm32
g0001_keil.s
   Uses
      At line 51 in file ..\Device\MM32G0001\Source\KEIL_StartAsm\startup_mm32g
0001_keil.s
Comment: __Vectors_Size used once
3 symbols



ARM Macro Assembler    Page 1 Alphabetic symbol ordering
External symbols

SystemInit 00000000

Symbol: SystemInit
   Definitions
      At line 113 in file ..\Device\MM32G0001\Source\KEIL_StartAsm\startup_mm32
g0001_keil.s
   Uses
      At line 114 in file ..\Device\MM32G0001\Source\KEIL_StartAsm\startup_mm32
g0001_keil.s
Comment: SystemInit used once
__main 00000000

Symbol: __main
   Definitions
      At line 112 in file ..\Device\MM32G0001\Source\KEIL_StartAsm\startup_mm32
g0001_keil.s
   Uses
      At line 116 in file ..\Device\MM32G0001\Source\KEIL_StartAsm\startup_mm32
g0001_keil.s
Comment: __main used once
2 symbols
373 symbols in table
